[2026-07-31T19:34:30.493+0000][gc,heap] Heap region size: 1M
[2026-07-31T19:34:30.532+0000][gc     ] Using G1
[2026-07-31T19:34:30.532+0000][gc,heap,coops] Heap address: 0x00000000c0000000, size: 1024 MB, Compressed Oops mode: 32-bit
[2026-07-31T19:34:30.533+0000][gc,cds       ] Mark closed archive regions in map: [0x00000000fff00000, 0x00000000fff6bff8]
[2026-07-31T19:34:30.533+0000][gc,cds       ] Mark open archive regions in map: [0x00000000ffe00000, 0x00000000ffe47ff8]
[2026-07-31T19:34:34.273+0000][gc,start     ] GC(0) Pause Young (Normal) (G1 Evacuation Pause)
[2026-07-31T19:34:34.274+0000][gc,task      ] GC(0) Using 2 workers of 2 for evacuation
[2026-07-31T19:34:34.298+0000][gc,mmu       ] GC(0) MMU target violated: 21.0ms (20.0ms/21.0ms)
[2026-07-31T19:34:34.298+0000][gc,phases    ] GC(0)   Pre Evacuate Collection Set: 0.0ms
[2026-07-31T19:34:34.298+0000][gc,phases    ] GC(0)   Evacuate Collection Set: 22.8ms
[2026-07-31T19:34:34.298+0000][gc,phases    ] GC(0)   Post Evacuate Collection Set: 0.5ms
[2026-07-31T19:34:34.298+0000][gc,phases    ] GC(0)   Other: 1.2ms
[2026-07-31T19:34:34.298+0000][gc,heap      ] GC(0) Eden regions: 51->0(44)
[2026-07-31T19:34:34.298+0000][gc,heap      ] GC(0) Survivor regions: 0->7(7)
[2026-07-31T19:34:34.298+0000][gc,heap      ] GC(0) Old regions: 2->2
[2026-07-31T19:34:34.298+0000][gc,heap      ] GC(0) Humongous regions: 0->0
[2026-07-31T19:34:34.298+0000][gc,metaspace ] GC(0) Metaspace: 14244K(14848K)->14244K(14848K) NonClass: 12496K(12800K)->12496K(12800K) Class: 1748K(2048K)->1748K(2048K)
[2026-07-31T19:34:34.298+0000][gc           ] GC(0) Pause Young (Normal) (G1 Evacuation Pause) 51M->7M(1024M) 24.634ms
[2026-07-31T19:34:34.298+0000][gc,cpu       ] GC(0) User=0.04s Sys=0.01s Real=0.02s
[2026-07-31T19:34:35.045+0000][gc,start     ] GC(1) Pause Young (Concurrent Start) (Metadata GC Threshold)
[2026-07-31T19:34:35.045+0000][gc,task      ] GC(1) Using 2 workers of 2 for evacuation
[2026-07-31T19:34:35.066+0000][gc,mmu       ] GC(1) MMU target violated: 20.6ms (20.0ms/21.0ms)
[2026-07-31T19:34:35.066+0000][gc,phases    ] GC(1)   Pre Evacuate Collection Set: 0.1ms
[2026-07-31T19:34:35.066+0000][gc,phases    ] GC(1)   Evacuate Collection Set: 19.9ms
[2026-07-31T19:34:35.066+0000][gc,phases    ] GC(1)   Post Evacuate Collection Set: 0.5ms
[2026-07-31T19:34:35.066+0000][gc,phases    ] GC(1)   Other: 0.3ms
[2026-07-31T19:34:35.066+0000][gc,heap      ] GC(1) Eden regions: 29->0(50)
[2026-07-31T19:34:35.066+0000][gc,heap      ] GC(1) Survivor regions: 7->1(7)
[2026-07-31T19:34:35.066+0000][gc,heap      ] GC(1) Old regions: 2->9
[2026-07-31T19:34:35.066+0000][gc,heap      ] GC(1) Humongous regions: 0->0
[2026-07-31T19:34:35.066+0000][gc,metaspace ] GC(1) Metaspace: 20602K(21248K)->20602K(21248K) NonClass: 18109K(18432K)->18109K(18432K) Class: 2492K(2816K)->2492K(2816K)
[2026-07-31T19:34:35.066+0000][gc           ] GC(1) Pause Young (Concurrent Start) (Metadata GC Threshold) 36M->8M(1024M) 20.793ms
[2026-07-31T19:34:35.066+0000][gc,cpu       ] GC(1) User=0.03s Sys=0.01s Real=0.02s
[2026-07-31T19:34:35.066+0000][gc           ] GC(2) Concurrent Cycle
[2026-07-31T19:34:35.066+0000][gc,marking   ] GC(2) Concurrent Clear Claimed Marks
[2026-07-31T19:34:35.066+0000][gc,marking   ] GC(2) Concurrent Clear Claimed Marks 0.053ms
[2026-07-31T19:34:35.066+0000][gc,marking   ] GC(2) Concurrent Scan Root Regions
[2026-07-31T19:34:35.067+0000][gc,marking   ] GC(2) Concurrent Scan Root Regions 0.948ms
[2026-07-31T19:34:35.067+0000][gc,marking   ] GC(2) Concurrent Mark (4.584s)
[2026-07-31T19:34:35.067+0000][gc,marking   ] GC(2) Concurrent Mark From Roots
[2026-07-31T19:34:35.067+0000][gc,task      ] GC(2) Using 1 workers of 1 for marking
[2026-07-31T19:34:35.090+0000][gc,marking   ] GC(2) Concurrent Mark From Roots 23.281ms
[2026-07-31T19:34:35.090+0000][gc,marking   ] GC(2) Concurrent Preclean
[2026-07-31T19:34:35.091+0000][gc,marking   ] GC(2) Concurrent Preclean 0.104ms
[2026-07-31T19:34:35.091+0000][gc,marking   ] GC(2) Concurrent Mark (4.584s, 4.608s) 23.443ms
[2026-07-31T19:34:35.091+0000][gc,start     ] GC(2) Pause Remark
[2026-07-31T19:34:35.096+0000][gc,stringtable] GC(2) Cleaned string and symbol table, strings: 5744 processed, 0 removed, symbols: 53919 processed, 44 removed
[2026-07-31T19:34:35.096+0000][gc            ] GC(2) Pause Remark 9M->9M(1024M) 4.626ms
[2026-07-31T19:34:35.096+0000][gc,cpu        ] GC(2) User=0.01s Sys=0.00s Real=0.00s
[2026-07-31T19:34:35.096+0000][gc,marking    ] GC(2) Concurrent Rebuild Remembered Sets
[2026-07-31T19:34:35.109+0000][gc,marking    ] GC(2) Concurrent Rebuild Remembered Sets 13.163ms
[2026-07-31T19:34:35.110+0000][gc,start      ] GC(2) Pause Cleanup
[2026-07-31T19:34:35.111+0000][gc            ] GC(2) Pause Cleanup 9M->9M(1024M) 0.722ms
[2026-07-31T19:34:35.111+0000][gc,cpu        ] GC(2) User=0.00s Sys=0.00s Real=0.00s
[2026-07-31T19:34:35.111+0000][gc,marking    ] GC(2) Concurrent Cleanup for Next Mark
[2026-07-31T19:34:35.131+0000][gc,marking    ] GC(2) Concurrent Cleanup for Next Mark 19.959ms
[2026-07-31T19:34:35.131+0000][gc            ] GC(2) Concurrent Cycle 64.969ms
[2026-07-31T19:34:36.265+0000][gc,start      ] GC(3) Pause Young (Normal) (G1 Evacuation Pause)
[2026-07-31T19:34:36.265+0000][gc,task       ] GC(3) Using 2 workers of 2 for evacuation
[2026-07-31T19:34:36.276+0000][gc,phases     ] GC(3)   Pre Evacuate Collection Set: 0.0ms
[2026-07-31T19:34:36.276+0000][gc,phases     ] GC(3)   Evacuate Collection Set: 10.1ms
[2026-07-31T19:34:36.276+0000][gc,phases     ] GC(3)   Post Evacuate Collection Set: 0.4ms
[2026-07-31T19:34:36.276+0000][gc,phases     ] GC(3)   Other: 0.7ms
[2026-07-31T19:34:36.276+0000][gc,heap       ] GC(3) Eden regions: 50->0(46)
[2026-07-31T19:34:36.276+0000][gc,heap       ] GC(3) Survivor regions: 1->5(7)
[2026-07-31T19:34:36.276+0000][gc,heap       ] GC(3) Old regions: 9->9
[2026-07-31T19:34:36.276+0000][gc,heap       ] GC(3) Humongous regions: 129->129
[2026-07-31T19:34:36.276+0000][gc,metaspace  ] GC(3) Metaspace: 28606K(29696K)->28606K(29696K) NonClass: 25284K(25856K)->25284K(25856K) Class: 3321K(3840K)->3321K(3840K)
[2026-07-31T19:34:36.276+0000][gc            ] GC(3) Pause Young (Normal) (G1 Evacuation Pause) 187M->141M(1024M) 11.224ms
[2026-07-31T19:34:36.276+0000][gc,cpu        ] GC(3) User=0.02s Sys=0.00s Real=0.01s
[2026-07-31T19:34:36.985+0000][gc,start      ] GC(4) Pause Young (Concurrent Start) (Metadata GC Threshold)
[2026-07-31T19:34:36.985+0000][gc,task       ] GC(4) Using 2 workers of 2 for evacuation
[2026-07-31T19:34:37.000+0000][gc,phases     ] GC(4)   Pre Evacuate Collection Set: 0.1ms
[2026-07-31T19:34:37.000+0000][gc,phases     ] GC(4)   Evacuate Collection Set: 14.3ms
[2026-07-31T19:34:37.000+0000][gc,phases     ] GC(4)   Post Evacuate Collection Set: 0.4ms
[2026-07-31T19:34:37.000+0000][gc,phases     ] GC(4)   Other: 0.3ms
[2026-07-31T19:34:37.000+0000][gc,heap       ] GC(4) Eden regions: 31->0(49)
[2026-07-31T19:34:37.000+0000][gc,heap       ] GC(4) Survivor regions: 5->2(7)
[2026-07-31T19:34:37.000+0000][gc,heap       ] GC(4) Old regions: 9->14
[2026-07-31T19:34:37.000+0000][gc,heap       ] GC(4) Humongous regions: 129->129
[2026-07-31T19:34:37.000+0000][gc,metaspace  ] GC(4) Metaspace: 34508K(35840K)->34508K(35840K) NonClass: 30446K(31104K)->30446K(31104K) Class: 4062K(4736K)->4062K(4736K)
[2026-07-31T19:34:37.000+0000][gc            ] GC(4) Pause Young (Concurrent Start) (Metadata GC Threshold) 171M->143M(1024M) 15.210ms
[2026-07-31T19:34:37.000+0000][gc,cpu        ] GC(4) User=0.02s Sys=0.00s Real=0.02s
[2026-07-31T19:34:37.000+0000][gc            ] GC(5) Concurrent Cycle
[2026-07-31T19:34:37.000+0000][gc,marking    ] GC(5) Concurrent Clear Claimed Marks
[2026-07-31T19:34:37.000+0000][gc,marking    ] GC(5) Concurrent Clear Claimed Marks 0.111ms
[2026-07-31T19:34:37.000+0000][gc,marking    ] GC(5) Concurrent Scan Root Regions
[2026-07-31T19:34:37.002+0000][gc,marking    ] GC(5) Concurrent Scan Root Regions 2.199ms
[2026-07-31T19:34:37.002+0000][gc,marking    ] GC(5) Concurrent Mark (6.520s)
[2026-07-31T19:34:37.002+0000][gc,marking    ] GC(5) Concurrent Mark From Roots
[2026-07-31T19:34:37.002+0000][gc,task       ] GC(5) Using 1 workers of 1 for marking
[2026-07-31T19:34:37.052+0000][gc,marking    ] GC(5) Concurrent Mark From Roots 49.124ms
[2026-07-31T19:34:37.052+0000][gc,marking    ] GC(5) Concurrent Preclean
[2026-07-31T19:34:37.052+0000][gc,marking    ] GC(5) Concurrent Preclean 0.111ms
[2026-07-31T19:34:37.052+0000][gc,marking    ] GC(5) Concurrent Mark (6.520s, 6.569s) 49.288ms
[2026-07-31T19:34:37.052+0000][gc,start      ] GC(5) Pause Remark
[2026-07-31T19:34:37.057+0000][gc,stringtable] GC(5) Cleaned string and symbol table, strings: 10422 processed, 13 removed, symbols: 85112 processed, 16 removed
[2026-07-31T19:34:37.058+0000][gc            ] GC(5) Pause Remark 144M->144M(1024M) 5.643ms
[2026-07-31T19:34:37.058+0000][gc,cpu        ] GC(5) User=0.01s Sys=0.00s Real=0.00s
[2026-07-31T19:34:37.061+0000][gc,marking    ] GC(5) Concurrent Rebuild Remembered Sets
[2026-07-31T19:34:37.096+0000][gc,marking    ] GC(5) Concurrent Rebuild Remembered Sets 34.936ms
[2026-07-31T19:34:37.096+0000][gc,start      ] GC(5) Pause Cleanup
[2026-07-31T19:34:37.096+0000][gc            ] GC(5) Pause Cleanup 148M->148M(1024M) 0.282ms
[2026-07-31T19:34:37.096+0000][gc,cpu        ] GC(5) User=0.00s Sys=0.00s Real=0.00s
[2026-07-31T19:34:37.096+0000][gc,marking    ] GC(5) Concurrent Cleanup for Next Mark
[2026-07-31T19:34:37.123+0000][gc,marking    ] GC(5) Concurrent Cleanup for Next Mark 27.264ms
[2026-07-31T19:34:37.123+0000][gc            ] GC(5) Concurrent Cycle 123.352ms
[2026-07-31T19:36:32.832+0000][gc,start      ] GC(6) Pause Young (Normal) (G1 Evacuation Pause)
[2026-07-31T19:36:32.832+0000][gc,task       ] GC(6) Using 2 workers of 2 for evacuation
[2026-07-31T19:36:32.928+0000][gc,mmu        ] GC(6) MMU target violated: 21.0ms (20.0ms/21.0ms)
[2026-07-31T19:36:32.928+0000][gc,phases     ] GC(6)   Pre Evacuate Collection Set: 0.0ms
[2026-07-31T19:36:32.928+0000][gc,phases     ] GC(6)   Evacuate Collection Set: 95.1ms
[2026-07-31T19:36:32.928+0000][gc,phases     ] GC(6)   Post Evacuate Collection Set: 0.7ms
[2026-07-31T19:36:32.928+0000][gc,phases     ] GC(6)   Other: 0.3ms
[2026-07-31T19:36:32.928+0000][gc,heap       ] GC(6) Eden regions: 49->0(47)
[2026-07-31T19:36:32.928+0000][gc,heap       ] GC(6) Survivor regions: 2->4(7)
[2026-07-31T19:36:32.928+0000][gc,heap       ] GC(6) Old regions: 14->14
[2026-07-31T19:36:32.928+0000][gc,heap       ] GC(6) Humongous regions: 129->129
[2026-07-31T19:36:32.928+0000][gc,metaspace  ] GC(6) Metaspace: 40784K(43264K)->40784K(43264K) NonClass: 35605K(36864K)->35605K(36864K) Class: 5179K(6400K)->5179K(6400K)
[2026-07-31T19:36:32.928+0000][gc            ] GC(6) Pause Young (Normal) (G1 Evacuation Pause) 192M->144M(1024M) 96.337ms
[2026-07-31T19:36:32.928+0000][gc,cpu        ] GC(6) User=0.03s Sys=0.00s Real=0.09s
[2026-07-31T19:37:54.571+0000][gc,start      ] GC(7) Pause Young (Normal) (G1 Evacuation Pause)
[2026-07-31T19:37:54.571+0000][gc,task       ] GC(7) Using 2 workers of 2 for evacuation
[2026-07-31T19:37:54.582+0000][gc,phases     ] GC(7)   Pre Evacuate Collection Set: 0.0ms
[2026-07-31T19:37:54.582+0000][gc,phases     ] GC(7)   Evacuate Collection Set: 10.6ms
[2026-07-31T19:37:54.582+0000][gc,phases     ] GC(7)   Post Evacuate Collection Set: 0.6ms
[2026-07-31T19:37:54.582+0000][gc,phases     ] GC(7)   Other: 0.2ms
[2026-07-31T19:37:54.582+0000][gc,heap       ] GC(7) Eden regions: 47->0(48)
[2026-07-31T19:37:54.582+0000][gc,heap       ] GC(7) Survivor regions: 4->3(7)
[2026-07-31T19:37:54.582+0000][gc,heap       ] GC(7) Old regions: 14->16
[2026-07-31T19:37:54.582+0000][gc,heap       ] GC(7) Humongous regions: 129->129
[2026-07-31T19:37:54.582+0000][gc,metaspace  ] GC(7) Metaspace: 41559K(44160K)->41559K(44160K) NonClass: 36254K(37632K)->36254K(37632K) Class: 5305K(6528K)->5305K(6528K)
[2026-07-31T19:37:54.582+0000][gc            ] GC(7) Pause Young (Normal) (G1 Evacuation Pause) 191M->145M(1024M) 11.524ms
[2026-07-31T19:37:54.582+0000][gc,cpu        ] GC(7) User=0.02s Sys=0.00s Real=0.01s
[2026-07-31T19:38:10.210+0000][gc,start      ] GC(8) Pause Young (Normal) (G1 Evacuation Pause)
[2026-07-31T19:38:10.210+0000][gc,task       ] GC(8) Using 2 workers of 2 for evacuation
[2026-07-31T19:38:10.219+0000][gc,phases     ] GC(8)   Pre Evacuate Collection Set: 0.0ms
[2026-07-31T19:38:10.219+0000][gc,phases     ] GC(8)   Evacuate Collection Set: 8.0ms
[2026-07-31T19:38:10.219+0000][gc,phases     ] GC(8)   Post Evacuate Collection Set: 0.4ms
[2026-07-31T19:38:10.219+0000][gc,phases     ] GC(8)   Other: 0.3ms
[2026-07-31T19:38:10.219+0000][gc,heap       ] GC(8) Eden regions: 48->0(48)
[2026-07-31T19:38:10.219+0000][gc,heap       ] GC(8) Survivor regions: 3->3(7)
[2026-07-31T19:38:10.219+0000][gc,heap       ] GC(8) Old regions: 16->16
[2026-07-31T19:38:10.219+0000][gc,heap       ] GC(8) Humongous regions: 129->129
[2026-07-31T19:38:10.219+0000][gc,metaspace  ] GC(8) Metaspace: 41567K(44160K)->41567K(44160K) NonClass: 36262K(37632K)->36262K(37632K) Class: 5305K(6528K)->5305K(6528K)
[2026-07-31T19:38:10.219+0000][gc            ] GC(8) Pause Young (Normal) (G1 Evacuation Pause) 193M->145M(1024M) 8.779ms
[2026-07-31T19:38:10.219+0000][gc,cpu        ] GC(8) User=0.02s Sys=0.00s Real=0.01s
[2026-07-31T19:38:25.814+0000][gc,start      ] GC(9) Pause Young (Normal) (G1 Evacuation Pause)
[2026-07-31T19:38:25.814+0000][gc,task       ] GC(9) Using 2 workers of 2 for evacuation
[2026-07-31T19:38:25.825+0000][gc,phases     ] GC(9)   Pre Evacuate Collection Set: 0.2ms
[2026-07-31T19:38:25.825+0000][gc,phases     ] GC(9)   Evacuate Collection Set: 9.6ms
[2026-07-31T19:38:25.825+0000][gc,phases     ] GC(9)   Post Evacuate Collection Set: 0.6ms
[2026-07-31T19:38:25.825+0000][gc,phases     ] GC(9)   Other: 0.6ms
[2026-07-31T19:38:25.825+0000][gc,heap       ] GC(9) Eden regions: 48->0(48)
[2026-07-31T19:38:25.825+0000][gc,heap       ] GC(9) Survivor regions: 3->3(7)
[2026-07-31T19:38:25.825+0000][gc,heap       ] GC(9) Old regions: 16->16
[2026-07-31T19:38:25.825+0000][gc,heap       ] GC(9) Humongous regions: 129->129
[2026-07-31T19:38:25.825+0000][gc,metaspace  ] GC(9) Metaspace: 41575K(44160K)->41575K(44160K) NonClass: 36269K(37632K)->36269K(37632K) Class: 5306K(6528K)->5306K(6528K)
[2026-07-31T19:38:25.825+0000][gc            ] GC(9) Pause Young (Normal) (G1 Evacuation Pause) 193M->145M(1024M) 11.015ms
[2026-07-31T19:38:25.825+0000][gc,cpu        ] GC(9) User=0.01s Sys=0.00s Real=0.01s
[2026-07-31T19:40:08.029+0000][gc,start      ] GC(10) Pause Young (Normal) (G1 Evacuation Pause)
[2026-07-31T19:40:08.029+0000][gc,task       ] GC(10) Using 2 workers of 2 for evacuation
[2026-07-31T19:40:08.038+0000][gc,phases     ] GC(10)   Pre Evacuate Collection Set: 0.1ms
[2026-07-31T19:40:08.038+0000][gc,phases     ] GC(10)   Evacuate Collection Set: 9.1ms
[2026-07-31T19:40:08.038+0000][gc,phases     ] GC(10)   Post Evacuate Collection Set: 0.5ms
[2026-07-31T19:40:08.039+0000][gc,phases     ] GC(10)   Other: 0.2ms
[2026-07-31T19:40:08.039+0000][gc,heap       ] GC(10) Eden regions: 48->0(48)
[2026-07-31T19:40:08.039+0000][gc,heap       ] GC(10) Survivor regions: 3->3(7)
[2026-07-31T19:40:08.039+0000][gc,heap       ] GC(10) Old regions: 16->16
[2026-07-31T19:40:08.039+0000][gc,heap       ] GC(10) Humongous regions: 129->129
[2026-07-31T19:40:08.039+0000][gc,metaspace  ] GC(10) Metaspace: 42112K(44800K)->42112K(44800K) NonClass: 36751K(38144K)->36751K(38144K) Class: 5360K(6656K)->5360K(6656K)
[2026-07-31T19:40:08.039+0000][gc            ] GC(10) Pause Young (Normal) (G1 Evacuation Pause) 193M->145M(1024M) 10.026ms
[2026-07-31T19:40:08.039+0000][gc,cpu        ] GC(10) User=0.01s Sys=0.00s Real=0.01s
[2026-07-31T19:43:40.800+0000][gc,start      ] GC(11) Pause Young (Normal) (G1 Evacuation Pause)
[2026-07-31T19:43:40.801+0000][gc,task       ] GC(11) Using 2 workers of 2 for evacuation
[2026-07-31T19:43:40.853+0000][gc,mmu        ] GC(11) MMU target violated: 21.0ms (20.0ms/21.0ms)
[2026-07-31T19:43:40.854+0000][gc,phases     ] GC(11)   Pre Evacuate Collection Set: 0.0ms
[2026-07-31T19:43:40.854+0000][gc,phases     ] GC(11)   Evacuate Collection Set: 49.8ms
[2026-07-31T19:43:40.854+0000][gc,phases     ] GC(11)   Post Evacuate Collection Set: 2.5ms
[2026-07-31T19:43:40.854+0000][gc,phases     ] GC(11)   Other: 1.0ms
[2026-07-31T19:43:40.854+0000][gc,heap       ] GC(11) Eden regions: 48->0(47)
[2026-07-31T19:43:40.854+0000][gc,heap       ] GC(11) Survivor regions: 3->4(7)
[2026-07-31T19:43:40.854+0000][gc,heap       ] GC(11) Old regions: 16->16
[2026-07-31T19:43:40.854+0000][gc,heap       ] GC(11) Humongous regions: 129->129
[2026-07-31T19:43:40.854+0000][gc,metaspace  ] GC(11) Metaspace: 42235K(44800K)->42235K(44800K) NonClass: 36874K(38144K)->36874K(38144K) Class: 5360K(6656K)->5360K(6656K)
[2026-07-31T19:43:40.854+0000][gc            ] GC(11) Pause Young (Normal) (G1 Evacuation Pause) 193M->146M(1024M) 53.328ms
[2026-07-31T19:43:40.854+0000][gc,cpu        ] GC(11) User=0.02s Sys=0.00s Real=0.05s
[2026-07-31T19:46:58.404+0000][gc,start      ] GC(12) Pause Young (Normal) (G1 Evacuation Pause)
[2026-07-31T19:46:58.404+0000][gc,task       ] GC(12) Using 2 workers of 2 for evacuation
[2026-07-31T19:46:58.473+0000][gc,mmu        ] GC(12) MMU target violated: 21.0ms (20.0ms/21.0ms)
[2026-07-31T19:46:58.473+0000][gc,phases     ] GC(12)   Pre Evacuate Collection Set: 0.0ms
[2026-07-31T19:46:58.473+0000][gc,phases     ] GC(12)   Evacuate Collection Set: 67.3ms
[2026-07-31T19:46:58.473+0000][gc,phases     ] GC(12)   Post Evacuate Collection Set: 0.6ms
[2026-07-31T19:46:58.473+0000][gc,phases     ] GC(12)   Other: 1.5ms
[2026-07-31T19:46:58.473+0000][gc,heap       ] GC(12) Eden regions: 47->0(47)
[2026-07-31T19:46:58.473+0000][gc,heap       ] GC(12) Survivor regions: 4->4(7)
[2026-07-31T19:46:58.473+0000][gc,heap       ] GC(12) Old regions: 16->16
[2026-07-31T19:46:58.473+0000][gc,heap       ] GC(12) Humongous regions: 129->129
[2026-07-31T19:46:58.473+0000][gc,metaspace  ] GC(12) Metaspace: 42323K(45056K)->42323K(45056K) NonClass: 36959K(38400K)->36959K(38400K) Class: 5363K(6656K)->5363K(6656K)
[2026-07-31T19:46:58.473+0000][gc            ] GC(12) Pause Young (Normal) (G1 Evacuation Pause) 193M->146M(1024M) 69.539ms
[2026-07-31T19:46:58.473+0000][gc,cpu        ] GC(12) User=0.04s Sys=0.01s Real=0.07s
[2026-07-31T19:50:49.569+0000][gc,start      ] GC(13) Pause Young (Normal) (G1 Evacuation Pause)
[2026-07-31T19:50:49.569+0000][gc,task       ] GC(13) Using 2 workers of 2 for evacuation
[2026-07-31T19:50:49.584+0000][gc,phases     ] GC(13)   Pre Evacuate Collection Set: 0.0ms
[2026-07-31T19:50:49.584+0000][gc,phases     ] GC(13)   Evacuate Collection Set: 13.4ms
[2026-07-31T19:50:49.584+0000][gc,phases     ] GC(13)   Post Evacuate Collection Set: 1.1ms
[2026-07-31T19:50:49.584+0000][gc,phases     ] GC(13)   Other: 0.3ms
[2026-07-31T19:50:49.584+0000][gc,heap       ] GC(13) Eden regions: 47->0(47)
[2026-07-31T19:50:49.584+0000][gc,heap       ] GC(13) Survivor regions: 4->4(7)
[2026-07-31T19:50:49.584+0000][gc,heap       ] GC(13) Old regions: 16->16
[2026-07-31T19:50:49.584+0000][gc,heap       ] GC(13) Humongous regions: 129->129
[2026-07-31T19:50:49.584+0000][gc,metaspace  ] GC(13) Metaspace: 42412K(45056K)->42412K(45056K) NonClass: 37033K(38400K)->37033K(38400K) Class: 5379K(6656K)->5379K(6656K)
[2026-07-31T19:50:49.584+0000][gc            ] GC(13) Pause Young (Normal) (G1 Evacuation Pause) 193M->146M(1024M) 14.998ms
[2026-07-31T19:50:49.584+0000][gc,cpu        ] GC(13) User=0.02s Sys=0.00s Real=0.01s
[2026-07-31T19:54:11.781+0000][gc,start      ] GC(14) Pause Young (Normal) (G1 Evacuation Pause)
[2026-07-31T19:54:11.782+0000][gc,task       ] GC(14) Using 2 workers of 2 for evacuation
[2026-07-31T19:54:11.876+0000][gc,mmu        ] GC(14) MMU target violated: 21.0ms (20.0ms/21.0ms)
[2026-07-31T19:54:11.876+0000][gc,phases     ] GC(14)   Pre Evacuate Collection Set: 0.0ms
[2026-07-31T19:54:11.876+0000][gc,phases     ] GC(14)   Evacuate Collection Set: 92.3ms
[2026-07-31T19:54:11.876+0000][gc,phases     ] GC(14)   Post Evacuate Collection Set: 1.1ms
[2026-07-31T19:54:11.876+0000][gc,phases     ] GC(14)   Other: 0.9ms
[2026-07-31T19:54:11.876+0000][gc,heap       ] GC(14) Eden regions: 47->0(47)
[2026-07-31T19:54:11.879+0000][gc,heap       ] GC(14) Survivor regions: 4->4(7)
[2026-07-31T19:54:11.879+0000][gc,heap       ] GC(14) Old regions: 16->16
[2026-07-31T19:54:11.879+0000][gc,heap       ] GC(14) Humongous regions: 129->129
[2026-07-31T19:54:11.879+0000][gc,metaspace  ] GC(14) Metaspace: 42598K(45312K)->42598K(45312K) NonClass: 37206K(38656K)->37206K(38656K) Class: 5392K(6656K)->5392K(6656K)
[2026-07-31T19:54:11.879+0000][gc            ] GC(14) Pause Young (Normal) (G1 Evacuation Pause) 193M->146M(1024M) 97.957ms
[2026-07-31T19:54:11.879+0000][gc,cpu        ] GC(14) User=0.04s Sys=0.00s Real=0.10s
[2026-07-31T19:58:03.232+0000][gc,start      ] GC(15) Pause Young (Normal) (G1 Evacuation Pause)
[2026-07-31T19:58:03.232+0000][gc,task       ] GC(15) Using 2 workers of 2 for evacuation
[2026-07-31T19:58:03.286+0000][gc,mmu        ] GC(15) MMU target violated: 21.0ms (20.0ms/21.0ms)
[2026-07-31T19:58:03.286+0000][gc,phases     ] GC(15)   Pre Evacuate Collection Set: 0.0ms
[2026-07-31T19:58:03.286+0000][gc,phases     ] GC(15)   Evacuate Collection Set: 51.9ms
[2026-07-31T19:58:03.286+0000][gc,phases     ] GC(15)   Post Evacuate Collection Set: 0.8ms
[2026-07-31T19:58:03.287+0000][gc,phases     ] GC(15)   Other: 1.5ms
[2026-07-31T19:58:03.287+0000][gc,heap       ] GC(15) Eden regions: 47->0(47)
[2026-07-31T19:58:03.287+0000][gc,heap       ] GC(15) Survivor regions: 4->4(7)
[2026-07-31T19:58:03.287+0000][gc,heap       ] GC(15) Old regions: 16->16
[2026-07-31T19:58:03.287+0000][gc,heap       ] GC(15) Humongous regions: 129->129
[2026-07-31T19:58:03.287+0000][gc,metaspace  ] GC(15) Metaspace: 42684K(45312K)->42684K(45312K) NonClass: 37286K(38656K)->37286K(38656K) Class: 5397K(6656K)->5397K(6656K)
[2026-07-31T19:58:03.287+0000][gc            ] GC(15) Pause Young (Normal) (G1 Evacuation Pause) 193M->146M(1024M) 55.570ms
[2026-07-31T19:58:03.288+0000][gc,cpu        ] GC(15) User=0.02s Sys=0.00s Real=0.05s
[2026-07-31T20:01:18.855+0000][gc,start      ] GC(16) Pause Young (Normal) (G1 Evacuation Pause)
[2026-07-31T20:01:18.855+0000][gc,task       ] GC(16) Using 2 workers of 2 for evacuation
[2026-07-31T20:01:18.879+0000][gc,mmu        ] GC(16) MMU target violated: 21.0ms (20.0ms/21.0ms)
[2026-07-31T20:01:18.879+0000][gc,phases     ] GC(16)   Pre Evacuate Collection Set: 0.0ms
[2026-07-31T20:01:18.880+0000][gc,phases     ] GC(16)   Evacuate Collection Set: 23.2ms
[2026-07-31T20:01:18.880+0000][gc,phases     ] GC(16)   Post Evacuate Collection Set: 0.8ms
[2026-07-31T20:01:18.880+0000][gc,phases     ] GC(16)   Other: 0.9ms
[2026-07-31T20:01:18.880+0000][gc,heap       ] GC(16) Eden regions: 47->0(47)
[2026-07-31T20:01:18.880+0000][gc,heap       ] GC(16) Survivor regions: 4->4(7)
[2026-07-31T20:01:18.880+0000][gc,heap       ] GC(16) Old regions: 16->16
[2026-07-31T20:01:18.881+0000][gc,heap       ] GC(16) Humongous regions: 129->129
[2026-07-31T20:01:18.881+0000][gc,metaspace  ] GC(16) Metaspace: 42761K(45312K)->42761K(45312K) NonClass: 37363K(38656K)->37363K(38656K) Class: 5397K(6656K)->5397K(6656K)
[2026-07-31T20:01:18.881+0000][gc            ] GC(16) Pause Young (Normal) (G1 Evacuation Pause) 193M->146M(1024M) 26.395ms
[2026-07-31T20:01:18.881+0000][gc,cpu        ] GC(16) User=0.02s Sys=0.00s Real=0.03s
[2026-07-31T20:04:40.859+0000][gc,start      ] GC(17) Pause Young (Normal) (G1 Evacuation Pause)
[2026-07-31T20:04:40.860+0000][gc,task       ] GC(17) Using 2 workers of 2 for evacuation
[2026-07-31T20:04:40.939+0000][gc,mmu        ] GC(17) MMU target violated: 21.0ms (20.0ms/21.0ms)
[2026-07-31T20:04:40.939+0000][gc,phases     ] GC(17)   Pre Evacuate Collection Set: 0.0ms
[2026-07-31T20:04:40.939+0000][gc,phases     ] GC(17)   Evacuate Collection Set: 77.2ms
[2026-07-31T20:04:40.939+0000][gc,phases     ] GC(17)   Post Evacuate Collection Set: 1.2ms
[2026-07-31T20:04:40.939+0000][gc,phases     ] GC(17)   Other: 1.1ms
[2026-07-31T20:04:40.939+0000][gc,heap       ] GC(17) Eden regions: 47->0(47)
[2026-07-31T20:04:40.939+0000][gc,heap       ] GC(17) Survivor regions: 4->4(7)
[2026-07-31T20:04:40.939+0000][gc,heap       ] GC(17) Old regions: 16->16
[2026-07-31T20:04:40.939+0000][gc,heap       ] GC(17) Humongous regions: 129->129
[2026-07-31T20:04:40.939+0000][gc,metaspace  ] GC(17) Metaspace: 42805K(45568K)->42805K(45568K) NonClass: 37407K(38912K)->37407K(38912K) Class: 5397K(6656K)->5397K(6656K)
[2026-07-31T20:04:40.939+0000][gc            ] GC(17) Pause Young (Normal) (G1 Evacuation Pause) 193M->146M(1024M) 79.642ms
[2026-07-31T20:04:40.939+0000][gc,cpu        ] GC(17) User=0.03s Sys=0.00s Real=0.08s
[2026-07-31T20:08:26.812+0000][gc,start      ] GC(18) Pause Young (Normal) (G1 Evacuation Pause)
[2026-07-31T20:08:26.812+0000][gc,task       ] GC(18) Using 2 workers of 2 for evacuation
[2026-07-31T20:08:26.870+0000][gc,mmu        ] GC(18) MMU target violated: 21.0ms (20.0ms/21.0ms)
[2026-07-31T20:08:26.870+0000][gc,phases     ] GC(18)   Pre Evacuate Collection Set: 0.0ms
[2026-07-31T20:08:26.870+0000][gc,phases     ] GC(18)   Evacuate Collection Set: 56.4ms
[2026-07-31T20:08:26.870+0000][gc,phases     ] GC(18)   Post Evacuate Collection Set: 1.2ms
[2026-07-31T20:08:26.870+0000][gc,phases     ] GC(18)   Other: 0.4ms
[2026-07-31T20:08:26.870+0000][gc,heap       ] GC(18) Eden regions: 47->0(47)
[2026-07-31T20:08:26.871+0000][gc,heap       ] GC(18) Survivor regions: 4->4(7)
[2026-07-31T20:08:26.871+0000][gc,heap       ] GC(18) Old regions: 16->16
[2026-07-31T20:08:26.871+0000][gc,heap       ] GC(18) Humongous regions: 129->129
[2026-07-31T20:08:26.871+0000][gc,metaspace  ] GC(18) Metaspace: 42855K(45568K)->42855K(45568K) NonClass: 37457K(38912K)->37457K(38912K) Class: 5397K(6656K)->5397K(6656K)
[2026-07-31T20:08:26.871+0000][gc            ] GC(18) Pause Young (Normal) (G1 Evacuation Pause) 193M->146M(1024M) 58.123ms
[2026-07-31T20:08:26.871+0000][gc,cpu        ] GC(18) User=0.02s Sys=0.00s Real=0.06s
[2026-07-31T20:11:47.894+0000][gc,start      ] GC(19) Pause Young (Normal) (G1 Evacuation Pause)
[2026-07-31T20:11:47.894+0000][gc,task       ] GC(19) Using 2 workers of 2 for evacuation
[2026-07-31T20:11:47.935+0000][gc,mmu        ] GC(19) MMU target violated: 21.0ms (20.0ms/21.0ms)
[2026-07-31T20:11:47.935+0000][gc,phases     ] GC(19)   Pre Evacuate Collection Set: 0.0ms
[2026-07-31T20:11:47.935+0000][gc,phases     ] GC(19)   Evacuate Collection Set: 37.1ms
[2026-07-31T20:11:47.935+0000][gc,phases     ] GC(19)   Post Evacuate Collection Set: 3.2ms
[2026-07-31T20:11:47.935+0000][gc,phases     ] GC(19)   Other: 0.4ms
[2026-07-31T20:11:47.935+0000][gc,heap       ] GC(19) Eden regions: 47->0(47)
[2026-07-31T20:11:47.935+0000][gc,heap       ] GC(19) Survivor regions: 4->4(7)
[2026-07-31T20:11:47.935+0000][gc,heap       ] GC(19) Old regions: 16->16
[2026-07-31T20:11:47.935+0000][gc,heap       ] GC(19) Humongous regions: 129->129
[2026-07-31T20:11:47.936+0000][gc,metaspace  ] GC(19) Metaspace: 42909K(45568K)->42909K(45568K) NonClass: 37511K(38912K)->37511K(38912K) Class: 5397K(6656K)->5397K(6656K)
[2026-07-31T20:11:47.936+0000][gc            ] GC(19) Pause Young (Normal) (G1 Evacuation Pause) 193M->146M(1024M) 42.433ms
[2026-07-31T20:11:47.937+0000][gc,cpu        ] GC(19) User=0.02s Sys=0.00s Real=0.04s
[2026-07-31T20:15:42.172+0000][gc,start      ] GC(20) Pause Young (Normal) (G1 Evacuation Pause)
[2026-07-31T20:15:42.172+0000][gc,task       ] GC(20) Using 2 workers of 2 for evacuation
[2026-07-31T20:15:42.198+0000][gc,mmu        ] GC(20) MMU target violated: 21.0ms (20.0ms/21.0ms)
[2026-07-31T20:15:42.198+0000][gc,phases     ] GC(20)   Pre Evacuate Collection Set: 0.0ms
[2026-07-31T20:15:42.198+0000][gc,phases     ] GC(20)   Evacuate Collection Set: 24.6ms
[2026-07-31T20:15:42.198+0000][gc,phases     ] GC(20)   Post Evacuate Collection Set: 0.8ms
[2026-07-31T20:15:42.198+0000][gc,phases     ] GC(20)   Other: 0.4ms
[2026-07-31T20:15:42.198+0000][gc,heap       ] GC(20) Eden regions: 47->0(47)
[2026-07-31T20:15:42.198+0000][gc,heap       ] GC(20) Survivor regions: 4->4(7)
[2026-07-31T20:15:42.198+0000][gc,heap       ] GC(20) Old regions: 16->16
[2026-07-31T20:15:42.198+0000][gc,heap       ] GC(20) Humongous regions: 129->129
[2026-07-31T20:15:42.198+0000][gc,metaspace  ] GC(20) Metaspace: 42974K(45568K)->42974K(45568K) NonClass: 37576K(38912K)->37576K(38912K) Class: 5398K(6656K)->5398K(6656K)
[2026-07-31T20:15:42.198+0000][gc            ] GC(20) Pause Young (Normal) (G1 Evacuation Pause) 193M->146M(1024M) 26.050ms
[2026-07-31T20:15:42.198+0000][gc,cpu        ] GC(20) User=0.02s Sys=0.00s Real=0.02s
[2026-07-31T20:19:31.899+0000][gc,start      ] GC(21) Pause Young (Normal) (G1 Evacuation Pause)
[2026-07-31T20:19:31.899+0000][gc,task       ] GC(21) Using 2 workers of 2 for evacuation
[2026-07-31T20:19:31.956+0000][gc,mmu        ] GC(21) MMU target violated: 21.0ms (20.0ms/21.0ms)
[2026-07-31T20:19:31.956+0000][gc,phases     ] GC(21)   Pre Evacuate Collection Set: 0.0ms
[2026-07-31T20:19:31.956+0000][gc,phases     ] GC(21)   Evacuate Collection Set: 55.3ms
[2026-07-31T20:19:31.956+0000][gc,phases     ] GC(21)   Post Evacuate Collection Set: 0.8ms
[2026-07-31T20:19:31.956+0000][gc,phases     ] GC(21)   Other: 0.4ms
[2026-07-31T20:19:31.956+0000][gc,heap       ] GC(21) Eden regions: 47->0(48)
[2026-07-31T20:19:31.956+0000][gc,heap       ] GC(21) Survivor regions: 4->3(7)
[2026-07-31T20:19:31.956+0000][gc,heap       ] GC(21) Old regions: 16->17
[2026-07-31T20:19:31.956+0000][gc,heap       ] GC(21) Humongous regions: 129->129
[2026-07-31T20:19:31.956+0000][gc,metaspace  ] GC(21) Metaspace: 43006K(45824K)->43006K(45824K) NonClass: 37607K(39168K)->37607K(39168K) Class: 5398K(6656K)->5398K(6656K)
[2026-07-31T20:19:31.956+0000][gc            ] GC(21) Pause Young (Normal) (G1 Evacuation Pause) 193M->146M(1024M) 56.542ms
[2026-07-31T20:19:31.956+0000][gc,cpu        ] GC(21) User=0.03s Sys=0.00s Real=0.05s
[2026-07-31T20:23:50.438+0000][gc,start      ] GC(22) Pause Young (Normal) (G1 Evacuation Pause)
[2026-07-31T20:23:50.438+0000][gc,task       ] GC(22) Using 2 workers of 2 for evacuation
[2026-07-31T20:23:50.468+0000][gc,mmu        ] GC(22) MMU target violated: 21.0ms (20.0ms/21.0ms)
[2026-07-31T20:23:50.468+0000][gc,phases     ] GC(22)   Pre Evacuate Collection Set: 0.0ms
[2026-07-31T20:23:50.468+0000][gc,phases     ] GC(22)   Evacuate Collection Set: 28.8ms
[2026-07-31T20:23:50.468+0000][gc,phases     ] GC(22)   Post Evacuate Collection Set: 1.4ms
[2026-07-31T20:23:50.468+0000][gc,phases     ] GC(22)   Other: 0.4ms
[2026-07-31T20:23:50.468+0000][gc,heap       ] GC(22) Eden regions: 48->0(48)
[2026-07-31T20:23:50.468+0000][gc,heap       ] GC(22) Survivor regions: 3->3(7)
[2026-07-31T20:23:50.468+0000][gc,heap       ] GC(22) Old regions: 17->17
[2026-07-31T20:23:50.468+0000][gc,heap       ] GC(22) Humongous regions: 129->129
[2026-07-31T20:23:50.468+0000][gc,metaspace  ] GC(22) Metaspace: 43023K(45824K)->43023K(45824K) NonClass: 37624K(39168K)->37624K(39168K) Class: 5398K(6656K)->5398K(6656K)
[2026-07-31T20:23:50.468+0000][gc            ] GC(22) Pause Young (Normal) (G1 Evacuation Pause) 194M->146M(1024M) 30.784ms
[2026-07-31T20:23:50.468+0000][gc,cpu        ] GC(22) User=0.02s Sys=0.00s Real=0.04s
[2026-07-31T20:26:48.807+0000][gc,heap,exit  ] Heap
[2026-07-31T20:26:48.808+0000][gc,heap,exit  ]  garbage-first heap   total 1048576K, used 197356K [0x00000000c0000000, 0x0000000100000000)
[2026-07-31T20:26:48.808+0000][gc,heap,exit  ]   region size 1024K, 51 young (52224K), 3 survivors (3072K)
[2026-07-31T20:26:48.808+0000][gc,heap,exit  ]  Metaspace       used 43714K, capacity 46476K, committed 46592K, reserved 1089536K
[2026-07-31T20:26:48.808+0000][gc,heap,exit  ]   class space    used 5588K, capacity 6884K, committed 6912K, reserved 1048576K
