[2026-07-31 20:00:05,158] INFO [UnifiedLog partition=dublin-bus-delays-0, dir=/tmp/kafka-logs] Deleting segment LogSegment(baseOffset=223365, size=8008296, lastModifiedTime=1785527218907, largestRecordTimestamp=Some(1785527218891)) due to retention time 600000ms breach based on the largest record timestamp in the segment (kafka.log.UnifiedLog)
[2026-07-31 20:00:05,170] INFO [UnifiedLog partition=dublin-bus-delays-0, dir=/tmp/kafka-logs] Deleting segment LogSegment(baseOffset=284532, size=7139097, lastModifiedTime=1785527352985, largestRecordTimestamp=Some(1785527352922)) due to retention time 600000ms breach based on the largest record timestamp in the segment (kafka.log.UnifiedLog)
[2026-07-31 20:00:05,171] INFO [UnifiedLog partition=dublin-bus-delays-0, dir=/tmp/kafka-logs] Incremented log start offset to 339130 due to segment deletion (kafka.log.UnifiedLog)
[2026-07-31 20:00:45,059] INFO [LocalLog partition=dublin-bus-delays-0, dir=/tmp/kafka-logs] Rolled new log segment at offset 621323 in 1 ms. (kafka.log.LocalLog)
[2026-07-31 20:00:45,063] INFO [ProducerStateManager partition=dublin-bus-delays-0]Wrote producer snapshot at offset 621323 with 2 producer ids in 0 ms. (org.apache.kafka.storage.internals.log.ProducerStateManager)
[2026-07-31 20:01:05,170] INFO [LocalLog partition=dublin-bus-delays-0, dir=/tmp/kafka-logs] Deleting segment files LogSegment(baseOffset=223365, size=8008296, lastModifiedTime=1785527218907, largestRecordTimestamp=Some(1785527218891)),LogSegment(baseOffset=284532, size=7139097, lastModifiedTime=1785527352985, largestRecordTimestamp=Some(1785527352922)) (kafka.log.LocalLog$)
[2026-07-31 20:01:05,173] INFO Deleted producer state snapshot /tmp/kafka-logs/dublin-bus-delays-0/00000000000000223365.snapshot.deleted (org.apache.kafka.storage.internals.log.SnapshotFile)
[2026-07-31 20:01:05,173] INFO Deleted producer state snapshot /tmp/kafka-logs/dublin-bus-delays-0/00000000000000284532.snapshot.deleted (org.apache.kafka.storage.internals.log.SnapshotFile)
[2026-07-31 20:01:05,173] INFO Deleted log /tmp/kafka-logs/dublin-bus-delays-0/00000000000000223365.log.deleted. (kafka.log.LogSegment)
[2026-07-31 20:01:05,174] INFO Deleted offset index /tmp/kafka-logs/dublin-bus-delays-0/00000000000000223365.index.deleted. (kafka.log.LogSegment)
[2026-07-31 20:01:05,175] INFO Deleted time index /tmp/kafka-logs/dublin-bus-delays-0/00000000000000223365.timeindex.deleted. (kafka.log.LogSegment)
[2026-07-31 20:01:05,177] INFO Deleted log /tmp/kafka-logs/dublin-bus-delays-0/00000000000000284532.log.deleted. (kafka.log.LogSegment)
[2026-07-31 20:01:05,178] INFO Deleted offset index /tmp/kafka-logs/dublin-bus-delays-0/00000000000000284532.index.deleted. (kafka.log.LogSegment)
[2026-07-31 20:01:05,178] INFO Deleted time index /tmp/kafka-logs/dublin-bus-delays-0/00000000000000284532.timeindex.deleted. (kafka.log.LogSegment)
[2026-07-31 20:02:59,820] INFO [LocalLog partition=dublin-bus-delays-0, dir=/tmp/kafka-logs] Rolled new log segment at offset 683666 in 1 ms. (kafka.log.LocalLog)
[2026-07-31 20:02:59,821] INFO [ProducerStateManager partition=dublin-bus-delays-0]Wrote producer snapshot at offset 683666 with 2 producer ids in 0 ms. (org.apache.kafka.storage.internals.log.ProducerStateManager)
[2026-07-31 20:05:05,159] INFO [UnifiedLog partition=dublin-bus-delays-0, dir=/tmp/kafka-logs] Deleting segment LogSegment(baseOffset=339130, size=7240770, lastModifiedTime=1785527488045, largestRecordTimestamp=Some(1785527488042)) due to retention time 600000ms breach based on the largest record timestamp in the segment (kafka.log.UnifiedLog)
[2026-07-31 20:05:05,160] INFO [UnifiedLog partition=dublin-bus-delays-0, dir=/tmp/kafka-logs] Deleting segment LogSegment(baseOffset=394499, size=7291634, lastModifiedTime=1785527619097, largestRecordTimestamp=Some(1785527618994)) due to retention time 600000ms breach based on the largest record timestamp in the segment (kafka.log.UnifiedLog)
[2026-07-31 20:05:05,164] INFO [UnifiedLog partition=dublin-bus-delays-0, dir=/tmp/kafka-logs] Incremented log start offset to 450222 due to segment deletion (kafka.log.UnifiedLog)
[2026-07-31 20:05:11,573] INFO [LocalLog partition=dublin-bus-delays-0, dir=/tmp/kafka-logs] Rolled new log segment at offset 744748 in 19 ms. (kafka.log.LocalLog)
[2026-07-31 20:05:11,574] INFO [ProducerStateManager partition=dublin-bus-delays-0]Wrote producer snapshot at offset 744748 with 2 producer ids in 0 ms. (org.apache.kafka.storage.internals.log.ProducerStateManager)
[2026-07-31 20:06:05,162] INFO [LocalLog partition=dublin-bus-delays-0, dir=/tmp/kafka-logs] Deleting segment files LogSegment(baseOffset=339130, size=7240770, lastModifiedTime=1785527488045, largestRecordTimestamp=Some(1785527488042)),LogSegment(baseOffset=394499, size=7291634, lastModifiedTime=1785527619097, largestRecordTimestamp=Some(1785527618994)) (kafka.log.LocalLog$)
[2026-07-31 20:06:05,163] INFO Deleted producer state snapshot /tmp/kafka-logs/dublin-bus-delays-0/00000000000000339130.snapshot.deleted (org.apache.kafka.storage.internals.log.SnapshotFile)
[2026-07-31 20:06:05,163] INFO Deleted producer state snapshot /tmp/kafka-logs/dublin-bus-delays-0/00000000000000394499.snapshot.deleted (org.apache.kafka.storage.internals.log.SnapshotFile)
[2026-07-31 20:06:05,165] INFO Deleted log /tmp/kafka-logs/dublin-bus-delays-0/00000000000000339130.log.deleted. (kafka.log.LogSegment)
[2026-07-31 20:06:05,165] INFO Deleted offset index /tmp/kafka-logs/dublin-bus-delays-0/00000000000000339130.index.deleted. (kafka.log.LogSegment)
[2026-07-31 20:06:05,165] INFO Deleted time index /tmp/kafka-logs/dublin-bus-delays-0/00000000000000339130.timeindex.deleted. (kafka.log.LogSegment)
[2026-07-31 20:06:05,167] INFO Deleted log /tmp/kafka-logs/dublin-bus-delays-0/00000000000000394499.log.deleted. (kafka.log.LogSegment)
[2026-07-31 20:06:05,167] INFO Deleted offset index /tmp/kafka-logs/dublin-bus-delays-0/00000000000000394499.index.deleted. (kafka.log.LogSegment)
[2026-07-31 20:06:05,168] INFO Deleted time index /tmp/kafka-logs/dublin-bus-delays-0/00000000000000394499.timeindex.deleted. (kafka.log.LogSegment)
[2026-07-31 20:07:21,902] INFO [LocalLog partition=dublin-bus-delays-0, dir=/tmp/kafka-logs] Rolled new log segment at offset 805575 in 3 ms. (kafka.log.LocalLog)
[2026-07-31 20:07:21,903] INFO [ProducerStateManager partition=dublin-bus-delays-0]Wrote producer snapshot at offset 805575 with 2 producer ids in 0 ms. (org.apache.kafka.storage.internals.log.ProducerStateManager)
[2026-07-31 20:09:30,989] INFO [LocalLog partition=dublin-bus-delays-0, dir=/tmp/kafka-logs] Rolled new log segment at offset 865705 in 1 ms. (kafka.log.LocalLog)
[2026-07-31 20:09:30,989] INFO [ProducerStateManager partition=dublin-bus-delays-0]Wrote producer snapshot at offset 865705 with 2 producer ids in 0 ms. (org.apache.kafka.storage.internals.log.ProducerStateManager)
[2026-07-31 20:10:05,158] INFO [UnifiedLog partition=dublin-bus-delays-0, dir=/tmp/kafka-logs] Deleting segment LogSegment(baseOffset=450222, size=7363675, lastModifiedTime=1785527751390, largestRecordTimestamp=Some(1785527751381)) due to retention time 600000ms breach based on the largest record timestamp in the segment (kafka.log.UnifiedLog)
[2026-07-31 20:10:05,158] INFO [UnifiedLog partition=dublin-bus-delays-0, dir=/tmp/kafka-logs] Deleting segment LogSegment(baseOffset=506483, size=7500893, lastModifiedTime=1785527883989, largestRecordTimestamp=Some(1785527883980)) due to retention time 600000ms breach based on the largest record timestamp in the segment (kafka.log.UnifiedLog)
[2026-07-31 20:10:05,159] INFO [UnifiedLog partition=dublin-bus-delays-0, dir=/tmp/kafka-logs] Incremented log start offset to 563782 due to segment deletion (kafka.log.UnifiedLog)
[2026-07-31 20:11:05,159] INFO [LocalLog partition=dublin-bus-delays-0, dir=/tmp/kafka-logs] Deleting segment files LogSegment(baseOffset=450222, size=7363675, lastModifiedTime=1785527751390, largestRecordTimestamp=Some(1785527751381)),LogSegment(baseOffset=506483, size=7500893, lastModifiedTime=1785527883989, largestRecordTimestamp=Some(1785527883980)) (kafka.log.LocalLog$)
[2026-07-31 20:11:05,159] INFO Deleted producer state snapshot /tmp/kafka-logs/dublin-bus-delays-0/00000000000000450222.snapshot.deleted (org.apache.kafka.storage.internals.log.SnapshotFile)
[2026-07-31 20:11:05,162] INFO Deleted producer state snapshot /tmp/kafka-logs/dublin-bus-delays-0/00000000000000506483.snapshot.deleted (org.apache.kafka.storage.internals.log.SnapshotFile)
[2026-07-31 20:11:05,166] INFO Deleted log /tmp/kafka-logs/dublin-bus-delays-0/00000000000000450222.log.deleted. (kafka.log.LogSegment)
[2026-07-31 20:11:05,167] INFO Deleted offset index /tmp/kafka-logs/dublin-bus-delays-0/00000000000000450222.index.deleted. (kafka.log.LogSegment)
[2026-07-31 20:11:05,168] INFO Deleted time index /tmp/kafka-logs/dublin-bus-delays-0/00000000000000450222.timeindex.deleted. (kafka.log.LogSegment)
[2026-07-31 20:11:05,170] INFO Deleted log /tmp/kafka-logs/dublin-bus-delays-0/00000000000000506483.log.deleted. (kafka.log.LogSegment)
[2026-07-31 20:11:05,171] INFO Deleted offset index /tmp/kafka-logs/dublin-bus-delays-0/00000000000000506483.index.deleted. (kafka.log.LogSegment)
[2026-07-31 20:11:05,171] INFO Deleted time index /tmp/kafka-logs/dublin-bus-delays-0/00000000000000506483.timeindex.deleted. (kafka.log.LogSegment)
[2026-07-31 20:11:46,661] INFO [LocalLog partition=dublin-bus-delays-0, dir=/tmp/kafka-logs] Rolled new log segment at offset 926087 in 1 ms. (kafka.log.LocalLog)
[2026-07-31 20:11:46,664] INFO [ProducerStateManager partition=dublin-bus-delays-0]Wrote producer snapshot at offset 926087 with 2 producer ids in 2 ms. (org.apache.kafka.storage.internals.log.ProducerStateManager)
[2026-07-31 20:14:03,493] INFO [LocalLog partition=dublin-bus-delays-0, dir=/tmp/kafka-logs] Rolled new log segment at offset 987407 in 0 ms. (kafka.log.LocalLog)
[2026-07-31 20:14:03,496] INFO [ProducerStateManager partition=dublin-bus-delays-0]Wrote producer snapshot at offset 987407 with 2 producer ids in 2 ms. (org.apache.kafka.storage.internals.log.ProducerStateManager)
[2026-07-31 20:15:05,158] INFO [UnifiedLog partition=dublin-bus-delays-0, dir=/tmp/kafka-logs] Deleting segment LogSegment(baseOffset=563782, size=7534193, lastModifiedTime=1785528014877, largestRecordTimestamp=Some(1785528014869)) due to retention time 600000ms breach based on the largest record timestamp in the segment (kafka.log.UnifiedLog)
[2026-07-31 20:15:05,160] INFO [UnifiedLog partition=dublin-bus-delays-0, dir=/tmp/kafka-logs] Deleting segment LogSegment(baseOffset=621323, size=8160602, lastModifiedTime=1785528149127, largestRecordTimestamp=Some(1785528149122)) due to retention time 600000ms breach based on the largest record timestamp in the segment (kafka.log.UnifiedLog)
[2026-07-31 20:15:05,161] INFO [UnifiedLog partition=dublin-bus-delays-0, dir=/tmp/kafka-logs] Deleting segment LogSegment(baseOffset=683666, size=7999792, lastModifiedTime=1785528281368, largestRecordTimestamp=Some(1785528281349)) due to retention time 600000ms breach based on the largest record timestamp in the segment (kafka.log.UnifiedLog)
[2026-07-31 20:15:05,162] INFO [UnifiedLog partition=dublin-bus-delays-0, dir=/tmp/kafka-logs] Incremented log start offset to 744748 due to segment deletion (kafka.log.UnifiedLog)
[2026-07-31 20:16:05,162] INFO Deleted producer state snapshot /tmp/kafka-logs/dublin-bus-delays-0/00000000000000563782.snapshot.deleted (org.apache.kafka.storage.internals.log.SnapshotFile)
[2026-07-31 20:16:05,163] INFO Deleted producer state snapshot /tmp/kafka-logs/dublin-bus-delays-0/00000000000000621323.snapshot.deleted (org.apache.kafka.storage.internals.log.SnapshotFile)
[2026-07-31 20:16:05,163] INFO Deleted producer state snapshot /tmp/kafka-logs/dublin-bus-delays-0/00000000000000683666.snapshot.deleted (org.apache.kafka.storage.internals.log.SnapshotFile)
[2026-07-31 20:16:05,163] INFO [LocalLog partition=dublin-bus-delays-0, dir=/tmp/kafka-logs] Deleting segment files LogSegment(baseOffset=563782, size=7534193, lastModifiedTime=1785528014877, largestRecordTimestamp=Some(1785528014869)),LogSegment(baseOffset=621323, size=8160602, lastModifiedTime=1785528149127, largestRecordTimestamp=Some(1785528149122)),LogSegment(baseOffset=683666, size=7999792, lastModifiedTime=1785528281368, largestRecordTimestamp=Some(1785528281349)) (kafka.log.LocalLog$)
[2026-07-31 20:16:05,168] INFO Deleted log /tmp/kafka-logs/dublin-bus-delays-0/00000000000000563782.log.deleted. (kafka.log.LogSegment)
[2026-07-31 20:16:05,169] INFO Deleted offset index /tmp/kafka-logs/dublin-bus-delays-0/00000000000000563782.index.deleted. (kafka.log.LogSegment)
[2026-07-31 20:16:05,169] INFO Deleted time index /tmp/kafka-logs/dublin-bus-delays-0/00000000000000563782.timeindex.deleted. (kafka.log.LogSegment)
[2026-07-31 20:16:05,178] INFO Deleted log /tmp/kafka-logs/dublin-bus-delays-0/00000000000000621323.log.deleted. (kafka.log.LogSegment)
[2026-07-31 20:16:05,178] INFO Deleted offset index /tmp/kafka-logs/dublin-bus-delays-0/00000000000000621323.index.deleted. (kafka.log.LogSegment)
[2026-07-31 20:16:05,179] INFO Deleted time index /tmp/kafka-logs/dublin-bus-delays-0/00000000000000621323.timeindex.deleted. (kafka.log.LogSegment)
[2026-07-31 20:16:05,188] INFO Deleted log /tmp/kafka-logs/dublin-bus-delays-0/00000000000000683666.log.deleted. (kafka.log.LogSegment)
[2026-07-31 20:16:05,188] INFO Deleted offset index /tmp/kafka-logs/dublin-bus-delays-0/00000000000000683666.index.deleted. (kafka.log.LogSegment)
[2026-07-31 20:16:05,188] INFO Deleted time index /tmp/kafka-logs/dublin-bus-delays-0/00000000000000683666.timeindex.deleted. (kafka.log.LogSegment)
[2026-07-31 20:16:16,178] INFO [LocalLog partition=dublin-bus-delays-0, dir=/tmp/kafka-logs] Rolled new log segment at offset 1050306 in 2 ms. (kafka.log.LocalLog)
[2026-07-31 20:16:16,180] INFO [ProducerStateManager partition=dublin-bus-delays-0]Wrote producer snapshot at offset 1050306 with 2 producer ids in 2 ms. (org.apache.kafka.storage.internals.log.ProducerStateManager)
[2026-07-31 20:18:24,551] INFO [LocalLog partition=dublin-bus-delays-0, dir=/tmp/kafka-logs] Rolled new log segment at offset 1103471 in 1 ms. (kafka.log.LocalLog)
[2026-07-31 20:18:24,551] INFO [ProducerStateManager partition=dublin-bus-delays-0]Wrote producer snapshot at offset 1103471 with 2 producer ids in 0 ms. (org.apache.kafka.storage.internals.log.ProducerStateManager)
[2026-07-31 20:20:05,159] INFO [UnifiedLog partition=dublin-bus-delays-0, dir=/tmp/kafka-logs] Deleting segment LogSegment(baseOffset=744748, size=7970711, lastModifiedTime=1785528410462, largestRecordTimestamp=Some(1785528410454)) due to retention time 600000ms breach based on the largest record timestamp in the segment (kafka.log.UnifiedLog)
[2026-07-31 20:20:05,159] INFO [UnifiedLog partition=dublin-bus-delays-0, dir=/tmp/kafka-logs] Deleting segment LogSegment(baseOffset=805575, size=7882118, lastModifiedTime=1785528540881, largestRecordTimestamp=Some(1785528540878)) due to retention time 600000ms breach based on the largest record timestamp in the segment (kafka.log.UnifiedLog)
[2026-07-31 20:20:05,159] INFO [UnifiedLog partition=dublin-bus-delays-0, dir=/tmp/kafka-logs] Incremented log start offset to 865705 due to segment deletion (kafka.log.UnifiedLog)
[2026-07-31 20:20:35,249] INFO [LocalLog partition=dublin-bus-delays-0, dir=/tmp/kafka-logs] Rolled new log segment at offset 1156048 in 1 ms. (kafka.log.LocalLog)
[2026-07-31 20:20:35,250] INFO [ProducerStateManager partition=dublin-bus-delays-0]Wrote producer snapshot at offset 1156048 with 2 producer ids in 0 ms. (org.apache.kafka.storage.internals.log.ProducerStateManager)
[2026-07-31 20:21:05,159] INFO [LocalLog partition=dublin-bus-delays-0, dir=/tmp/kafka-logs] Deleting segment files LogSegment(baseOffset=744748, size=7970711, lastModifiedTime=1785528410462, largestRecordTimestamp=Some(1785528410454)),LogSegment(baseOffset=805575, size=7882118, lastModifiedTime=1785528540881, largestRecordTimestamp=Some(1785528540878)) (kafka.log.LocalLog$)
[2026-07-31 20:21:05,160] INFO Deleted producer state snapshot /tmp/kafka-logs/dublin-bus-delays-0/00000000000000744748.snapshot.deleted (org.apache.kafka.storage.internals.log.SnapshotFile)
[2026-07-31 20:21:05,161] INFO Deleted producer state snapshot /tmp/kafka-logs/dublin-bus-delays-0/00000000000000805575.snapshot.deleted (org.apache.kafka.storage.internals.log.SnapshotFile)
[2026-07-31 20:21:05,164] INFO Deleted log /tmp/kafka-logs/dublin-bus-delays-0/00000000000000744748.log.deleted. (kafka.log.LogSegment)
[2026-07-31 20:21:05,165] INFO Deleted offset index /tmp/kafka-logs/dublin-bus-delays-0/00000000000000744748.index.deleted. (kafka.log.LogSegment)
[2026-07-31 20:21:05,166] INFO Deleted time index /tmp/kafka-logs/dublin-bus-delays-0/00000000000000744748.timeindex.deleted. (kafka.log.LogSegment)
[2026-07-31 20:21:05,168] INFO Deleted log /tmp/kafka-logs/dublin-bus-delays-0/00000000000000805575.log.deleted. (kafka.log.LogSegment)
[2026-07-31 20:21:05,168] INFO Deleted offset index /tmp/kafka-logs/dublin-bus-delays-0/00000000000000805575.index.deleted. (kafka.log.LogSegment)
[2026-07-31 20:21:05,169] INFO Deleted time index /tmp/kafka-logs/dublin-bus-delays-0/00000000000000805575.timeindex.deleted. (kafka.log.LogSegment)
[2026-07-31 20:22:43,893] INFO [LocalLog partition=dublin-bus-delays-0, dir=/tmp/kafka-logs] Rolled new log segment at offset 1210019 in 1 ms. (kafka.log.LocalLog)
[2026-07-31 20:22:43,909] INFO [ProducerStateManager partition=dublin-bus-delays-0]Wrote producer snapshot at offset 1210019 with 2 producer ids in 0 ms. (org.apache.kafka.storage.internals.log.ProducerStateManager)
[2026-07-31 20:24:58,906] INFO [LocalLog partition=dublin-bus-delays-0, dir=/tmp/kafka-logs] Rolled new log segment at offset 1264571 in 0 ms. (kafka.log.LocalLog)
[2026-07-31 20:24:58,910] INFO [ProducerStateManager partition=dublin-bus-delays-0]Wrote producer snapshot at offset 1264571 with 2 producer ids in 0 ms. (org.apache.kafka.storage.internals.log.ProducerStateManager)
[2026-07-31 20:25:05,159] INFO [UnifiedLog partition=dublin-bus-delays-0, dir=/tmp/kafka-logs] Deleting segment LogSegment(baseOffset=865705, size=7915840, lastModifiedTime=1785528676046, largestRecordTimestamp=Some(1785528676040)) due to retention time 600000ms breach based on the largest record timestamp in the segment (kafka.log.UnifiedLog)
[2026-07-31 20:25:05,159] INFO [UnifiedLog partition=dublin-bus-delays-0, dir=/tmp/kafka-logs] Deleting segment LogSegment(baseOffset=926087, size=8040510, lastModifiedTime=1785528811622, largestRecordTimestamp=Some(1785528811602)) due to retention time 600000ms breach based on the largest record timestamp in the segment (kafka.log.UnifiedLog)
[2026-07-31 20:25:05,159] INFO [UnifiedLog partition=dublin-bus-delays-0, dir=/tmp/kafka-logs] Incremented log start offset to 987407 due to segment deletion (kafka.log.UnifiedLog)
[2026-07-31 20:26:05,161] INFO Deleted producer state snapshot /tmp/kafka-logs/dublin-bus-delays-0/00000000000000865705.snapshot.deleted (org.apache.kafka.storage.internals.log.SnapshotFile)
[2026-07-31 20:26:05,161] INFO Deleted producer state snapshot /tmp/kafka-logs/dublin-bus-delays-0/00000000000000926087.snapshot.deleted (org.apache.kafka.storage.internals.log.SnapshotFile)
[2026-07-31 20:26:05,162] INFO [LocalLog partition=dublin-bus-delays-0, dir=/tmp/kafka-logs] Deleting segment files LogSegment(baseOffset=865705, size=7915840, lastModifiedTime=1785528676046, largestRecordTimestamp=Some(1785528676040)),LogSegment(baseOffset=926087, size=8040510, lastModifiedTime=1785528811622, largestRecordTimestamp=Some(1785528811602)) (kafka.log.LocalLog$)
[2026-07-31 20:26:05,164] INFO Deleted log /tmp/kafka-logs/dublin-bus-delays-0/00000000000000865705.log.deleted. (kafka.log.LogSegment)
[2026-07-31 20:26:05,165] INFO Deleted offset index /tmp/kafka-logs/dublin-bus-delays-0/00000000000000865705.index.deleted. (kafka.log.LogSegment)
[2026-07-31 20:26:05,165] INFO Deleted time index /tmp/kafka-logs/dublin-bus-delays-0/00000000000000865705.timeindex.deleted. (kafka.log.LogSegment)
[2026-07-31 20:26:05,169] INFO Deleted log /tmp/kafka-logs/dublin-bus-delays-0/00000000000000926087.log.deleted. (kafka.log.LogSegment)
[2026-07-31 20:26:05,169] INFO Deleted offset index /tmp/kafka-logs/dublin-bus-delays-0/00000000000000926087.index.deleted. (kafka.log.LogSegment)
[2026-07-31 20:26:05,169] INFO Deleted time index /tmp/kafka-logs/dublin-bus-delays-0/00000000000000926087.timeindex.deleted. (kafka.log.LogSegment)
[2026-07-31 20:26:48,100] INFO Terminating process due to signal SIGHUP (org.apache.kafka.common.utils.LoggingSignalHandler)
[2026-07-31 20:26:48,101] INFO Terminating process due to signal SIGHUP (org.apache.kafka.common.utils.LoggingSignalHandler)
[2026-07-31 20:26:48,105] INFO [KafkaServer id=0] shutting down (kafka.server.KafkaServer)
[2026-07-31 20:26:48,107] INFO [KafkaServer id=0] Starting controlled shutdown (kafka.server.KafkaServer)
[2026-07-31 20:26:48,145] INFO [KafkaServer id=0] Controlled shutdown request returned successfully after 28ms (kafka.server.KafkaServer)
[2026-07-31 20:26:48,191] INFO [/config/changes-event-process-thread]: Shutting down (kafka.common.ZkNodeChangeNotificationListener$ChangeEventProcessThread)
[2026-07-31 20:26:48,192] INFO [/config/changes-event-process-thread]: Shutdown completed (kafka.common.ZkNodeChangeNotificationListener$ChangeEventProcessThread)
[2026-07-31 20:26:48,209] INFO [/config/changes-event-process-thread]: Stopped (kafka.common.ZkNodeChangeNotificationListener$ChangeEventProcessThread)
[2026-07-31 20:26:48,210] INFO [SocketServer listenerType=ZK_BROKER, nodeId=0] Stopping socket server request processors (kafka.network.SocketServer)
[2026-07-31 20:26:48,237] INFO [SocketServer listenerType=ZK_BROKER, nodeId=0] Stopped socket server request processors (kafka.network.SocketServer)
[2026-07-31 20:26:48,239] INFO [data-plane Kafka Request Handler on Broker 0], shutting down (kafka.server.KafkaRequestHandlerPool)
[2026-07-31 20:26:48,242] INFO [data-plane Kafka Request Handler on Broker 0], shut down completely (kafka.server.KafkaRequestHandlerPool)
[2026-07-31 20:26:48,251] INFO [ExpirationReaper-0-AlterAcls]: Shutting down (kafka.server.DelayedOperationPurgatory$ExpiredOperationReaper)
[2026-07-31 20:26:48,257] INFO [ExpirationReaper-0-AlterAcls]: Stopped (kafka.server.DelayedOperationPurgatory$ExpiredOperationReaper)
[2026-07-31 20:26:48,257] INFO [ExpirationReaper-0-AlterAcls]: Shutdown completed (kafka.server.DelayedOperationPurgatory$ExpiredOperationReaper)
[2026-07-31 20:26:48,258] INFO [KafkaApi-0] Shutdown complete. (kafka.server.KafkaApis)
[2026-07-31 20:26:48,261] INFO [ExpirationReaper-0-topic]: Shutting down (kafka.server.DelayedOperationPurgatory$ExpiredOperationReaper)
[2026-07-31 20:26:48,262] INFO [ExpirationReaper-0-topic]: Stopped (kafka.server.DelayedOperationPurgatory$ExpiredOperationReaper)
[2026-07-31 20:26:48,262] INFO [ExpirationReaper-0-topic]: Shutdown completed (kafka.server.DelayedOperationPurgatory$ExpiredOperationReaper)
[2026-07-31 20:26:48,265] INFO [TransactionCoordinator id=0] Shutting down. (kafka.coordinator.transaction.TransactionCoordinator)
[2026-07-31 20:26:48,267] INFO [Transaction State Manager 0]: Shutdown complete (kafka.coordinator.transaction.TransactionStateManager)
[2026-07-31 20:26:48,268] INFO [TxnMarkerSenderThread-0]: Shutting down (kafka.coordinator.transaction.TransactionMarkerChannelManager)
[2026-07-31 20:26:48,268] INFO [TxnMarkerSenderThread-0]: Shutdown completed (kafka.coordinator.transaction.TransactionMarkerChannelManager)
[2026-07-31 20:26:48,268] INFO [TxnMarkerSenderThread-0]: Stopped (kafka.coordinator.transaction.TransactionMarkerChannelManager)
[2026-07-31 20:26:48,269] INFO [TransactionCoordinator id=0] Shutdown complete. (kafka.coordinator.transaction.TransactionCoordinator)
[2026-07-31 20:26:48,270] INFO [GroupCoordinator 0]: Shutting down. (kafka.coordinator.group.GroupCoordinator)
[2026-07-31 20:26:48,271] INFO [ExpirationReaper-0-Heartbeat]: Shutting down (kafka.server.DelayedOperationPurgatory$ExpiredOperationReaper)
[2026-07-31 20:26:48,272] INFO [ExpirationReaper-0-Heartbeat]: Stopped (kafka.server.DelayedOperationPurgatory$ExpiredOperationReaper)
[2026-07-31 20:26:48,273] INFO [ExpirationReaper-0-Heartbeat]: Shutdown completed (kafka.server.DelayedOperationPurgatory$ExpiredOperationReaper)
[2026-07-31 20:26:48,274] INFO [ExpirationReaper-0-Rebalance]: Shutting down (kafka.server.DelayedOperationPurgatory$ExpiredOperationReaper)
[2026-07-31 20:26:48,275] INFO [ExpirationReaper-0-Rebalance]: Stopped (kafka.server.DelayedOperationPurgatory$ExpiredOperationReaper)
[2026-07-31 20:26:48,275] INFO [ExpirationReaper-0-Rebalance]: Shutdown completed (kafka.server.DelayedOperationPurgatory$ExpiredOperationReaper)
[2026-07-31 20:26:48,277] INFO [GroupCoordinator 0]: Shutdown complete. (kafka.coordinator.group.GroupCoordinator)
[2026-07-31 20:26:48,279] INFO [ReplicaManager broker=0] Shutting down (kafka.server.ReplicaManager)
[2026-07-31 20:26:48,279] INFO [LogDirFailureHandler]: Shutting down (kafka.server.ReplicaManager$LogDirFailureHandler)
[2026-07-31 20:26:48,282] INFO [LogDirFailureHandler]: Stopped (kafka.server.ReplicaManager$LogDirFailureHandler)
[2026-07-31 20:26:48,283] INFO [LogDirFailureHandler]: Shutdown completed (kafka.server.ReplicaManager$LogDirFailureHandler)
[2026-07-31 20:26:48,283] INFO [ReplicaFetcherManager on broker 0] shutting down (kafka.server.ReplicaFetcherManager)
[2026-07-31 20:26:48,287] INFO [ReplicaFetcherManager on broker 0] shutdown completed (kafka.server.ReplicaFetcherManager)
[2026-07-31 20:26:48,288] INFO [ReplicaAlterLogDirsManager on broker 0] shutting down (kafka.server.ReplicaAlterLogDirsManager)
[2026-07-31 20:26:48,288] INFO [ReplicaAlterLogDirsManager on broker 0] shutdown completed (kafka.server.ReplicaAlterLogDirsManager)
[2026-07-31 20:26:48,289] INFO [ExpirationReaper-0-Fetch]: Shutting down (kafka.server.DelayedOperationPurgatory$ExpiredOperationReaper)
[2026-07-31 20:26:48,290] INFO [ExpirationReaper-0-Fetch]: Stopped (kafka.server.DelayedOperationPurgatory$ExpiredOperationReaper)
[2026-07-31 20:26:48,290] INFO [ExpirationReaper-0-Fetch]: Shutdown completed (kafka.server.DelayedOperationPurgatory$ExpiredOperationReaper)
[2026-07-31 20:26:48,291] INFO [ExpirationReaper-0-Produce]: Shutting down (kafka.server.DelayedOperationPurgatory$ExpiredOperationReaper)
[2026-07-31 20:26:48,293] INFO [ExpirationReaper-0-Produce]: Stopped (kafka.server.DelayedOperationPurgatory$ExpiredOperationReaper)
[2026-07-31 20:26:48,293] INFO [ExpirationReaper-0-Produce]: Shutdown completed (kafka.server.DelayedOperationPurgatory$ExpiredOperationReaper)
[2026-07-31 20:26:48,294] INFO [ExpirationReaper-0-DeleteRecords]: Shutting down (kafka.server.DelayedOperationPurgatory$ExpiredOperationReaper)
[2026-07-31 20:26:48,300] INFO [ExpirationReaper-0-DeleteRecords]: Stopped (kafka.server.DelayedOperationPurgatory$ExpiredOperationReaper)
[2026-07-31 20:26:48,300] INFO [ExpirationReaper-0-DeleteRecords]: Shutdown completed (kafka.server.DelayedOperationPurgatory$ExpiredOperationReaper)
[2026-07-31 20:26:48,304] INFO [ExpirationReaper-0-ElectLeader]: Shutting down (kafka.server.DelayedOperationPurgatory$ExpiredOperationReaper)
[2026-07-31 20:26:48,304] INFO [ExpirationReaper-0-ElectLeader]: Shutdown completed (kafka.server.DelayedOperationPurgatory$ExpiredOperationReaper)
[2026-07-31 20:26:48,304] INFO [ExpirationReaper-0-ElectLeader]: Stopped (kafka.server.DelayedOperationPurgatory$ExpiredOperationReaper)
[2026-07-31 20:26:48,312] INFO [ReplicaManager broker=0] Shut down completely (kafka.server.ReplicaManager)
[2026-07-31 20:26:48,312] INFO [zk-broker-0-to-controller-alter-partition-channel-manager]: Shutting down (kafka.server.BrokerToControllerRequestThread)
[2026-07-31 20:26:48,315] INFO [zk-broker-0-to-controller-alter-partition-channel-manager]: Stopped (kafka.server.BrokerToControllerRequestThread)
[2026-07-31 20:26:48,316] INFO [zk-broker-0-to-controller-alter-partition-channel-manager]: Shutdown completed (kafka.server.BrokerToControllerRequestThread)
[2026-07-31 20:26:48,319] INFO Broker to controller channel manager for alter-partition shutdown (kafka.server.BrokerToControllerChannelManagerImpl)
[2026-07-31 20:26:48,323] INFO [zk-broker-0-to-controller-forwarding-channel-manager]: Shutting down (kafka.server.BrokerToControllerRequestThread)
[2026-07-31 20:26:48,324] INFO [zk-broker-0-to-controller-forwarding-channel-manager]: Stopped (kafka.server.BrokerToControllerRequestThread)
[2026-07-31 20:26:48,326] INFO [zk-broker-0-to-controller-forwarding-channel-manager]: Shutdown completed (kafka.server.BrokerToControllerRequestThread)
[2026-07-31 20:26:48,327] INFO Broker to controller channel manager for forwarding shutdown (kafka.server.BrokerToControllerChannelManagerImpl)
[2026-07-31 20:26:48,328] INFO Shutting down. (kafka.log.LogManager)
[2026-07-31 20:26:48,334] INFO [kafka-log-cleaner-thread-0]: Shutting down (kafka.log.LogCleaner$CleanerThread)
[2026-07-31 20:26:48,335] INFO [kafka-log-cleaner-thread-0]: Shutdown completed (kafka.log.LogCleaner$CleanerThread)
[2026-07-31 20:26:48,336] INFO [kafka-log-cleaner-thread-0]: Stopped (kafka.log.LogCleaner$CleanerThread)
[2026-07-31 20:26:48,343] INFO [ProducerStateManager partition=dublin-bus-delays-0]Wrote producer snapshot at offset 1319360 with 2 producer ids in 0 ms. (org.apache.kafka.storage.internals.log.ProducerStateManager)
[2026-07-31 20:26:48,356] INFO Shutdown complete. (kafka.log.LogManager)
[2026-07-31 20:26:48,375] INFO [feature-zk-node-event-process-thread]: Shutting down (kafka.server.FinalizedFeatureChangeListener$ChangeNotificationProcessorThread)
[2026-07-31 20:26:48,376] INFO [feature-zk-node-event-process-thread]: Shutdown completed (kafka.server.FinalizedFeatureChangeListener$ChangeNotificationProcessorThread)
[2026-07-31 20:26:48,377] INFO [ZooKeeperClient Kafka server] Closing. (kafka.zookeeper.ZooKeeperClient)
[2026-07-31 20:26:48,376] INFO [feature-zk-node-event-process-thread]: Stopped (kafka.server.FinalizedFeatureChangeListener$ChangeNotificationProcessorThread)
[2026-07-31 20:26:48,634] INFO Session: 0x10000011b300000 closed (org.apache.zookeeper.ZooKeeper)
[2026-07-31 20:26:48,634] INFO EventThread shut down for session: 0x10000011b300000 (org.apache.zookeeper.ClientCnxn)
[2026-07-31 20:26:48,651] INFO [ZooKeeperClient Kafka server] Closed. (kafka.zookeeper.ZooKeeperClient)
[2026-07-31 20:26:48,653] INFO [ThrottledChannelReaper-Fetch]: Shutting down (kafka.server.ClientQuotaManager$ThrottledChannelReaper)
[2026-07-31 20:26:48,685] INFO [ThrottledChannelReaper-Fetch]: Stopped (kafka.server.ClientQuotaManager$ThrottledChannelReaper)
[2026-07-31 20:26:48,686] INFO [ThrottledChannelReaper-Fetch]: Shutdown completed (kafka.server.ClientQuotaManager$ThrottledChannelReaper)
[2026-07-31 20:26:48,687] INFO [ThrottledChannelReaper-Produce]: Shutting down (kafka.server.ClientQuotaManager$ThrottledChannelReaper)
[2026-07-31 20:26:48,688] INFO [ThrottledChannelReaper-Produce]: Stopped (kafka.server.ClientQuotaManager$ThrottledChannelReaper)
[2026-07-31 20:26:48,688] INFO [ThrottledChannelReaper-Produce]: Shutdown completed (kafka.server.ClientQuotaManager$ThrottledChannelReaper)
[2026-07-31 20:26:48,688] INFO [ThrottledChannelReaper-Request]: Shutting down (kafka.server.ClientQuotaManager$ThrottledChannelReaper)
[2026-07-31 20:26:48,715] INFO [ThrottledChannelReaper-Request]: Shutdown completed (kafka.server.ClientQuotaManager$ThrottledChannelReaper)
[2026-07-31 20:26:48,721] INFO [ThrottledChannelReaper-Request]: Stopped (kafka.server.ClientQuotaManager$ThrottledChannelReaper)
[2026-07-31 20:26:48,722] INFO [ThrottledChannelReaper-ControllerMutation]: Shutting down (kafka.server.ClientQuotaManager$ThrottledChannelReaper)
[2026-07-31 20:26:48,722] INFO [ThrottledChannelReaper-ControllerMutation]: Stopped (kafka.server.ClientQuotaManager$ThrottledChannelReaper)
[2026-07-31 20:26:48,723] INFO [ThrottledChannelReaper-ControllerMutation]: Shutdown completed (kafka.server.ClientQuotaManager$ThrottledChannelReaper)
[2026-07-31 20:26:48,724] INFO [SocketServer listenerType=ZK_BROKER, nodeId=0] Shutting down socket server (kafka.network.SocketServer)
[2026-07-31 20:26:48,755] INFO [SocketServer listenerType=ZK_BROKER, nodeId=0] Shutdown completed (kafka.network.SocketServer)
[2026-07-31 20:26:48,757] INFO Metrics scheduler closed (org.apache.kafka.common.metrics.Metrics)
[2026-07-31 20:26:48,758] INFO Closing reporter org.apache.kafka.common.metrics.JmxReporter (org.apache.kafka.common.metrics.Metrics)
[2026-07-31 20:26:48,758] INFO Metrics reporters closed (org.apache.kafka.common.metrics.Metrics)
[2026-07-31 20:26:48,759] INFO Broker and topic stats closed (kafka.server.BrokerTopicStats)
[2026-07-31 20:26:48,769] INFO App info kafka.server for 0 unregistered (org.apache.kafka.common.utils.AppInfoParser)
[2026-07-31 20:26:48,770] INFO [KafkaServer id=0] shut down completed (kafka.server.KafkaServer)
